// Vitest Snapshot v1

exports[`<HtmlContent /> > should match snapshot 1`] = `
.c0 {
  color: #000;
  font-size: 6.4rem;
  text-transform: none;
}

@media (max-width:768px) {

}

@media (max-width:768px) {
  .c0 {
    font-size: 4.0rem;
  }
}

<h1
  class="c0"
>
  Ola mundo
</h1>
`;
