// Vitest Snapshot v1

exports[`<Footer /> > should render 1`] = `
.c0 {
  text-align: center;
  border-top: 0.1rem solid #DDDDDD;
}

.c0 a {
  color: inherit;
  -webkit-text-decoration: none;
  text-decoration: none;
}

.c2 {
  font-size: 2.4rem;
}

.c2 p {
  margin: 4.0rem 0;
}

.c2 a,
.c2 a:visited,
.c2 a:link {
  color: #dc143c;
  -webkit-text-decoration: none;
  text-decoration: none;
  -webkit-transition: all 300ms ease-in-out;
  transition: all 300ms ease-in-out;
}

.c2 a:hover {
  -webkit-filter: brightness(50%);
  filter: brightness(50%);
}

.c2 img > {
  max-width: 100%;
}

.c2 pre {
  background: #000;
  padding: 2.4rem;
  font-family: monospace;
  color: #FFFFFF;
  margin: 4.0rem 0;
  width: 100%;
  overflow-x: auto;
  font-size: 1.6rem;
}

.c2 .image {
  background: #DDDDDD;
  line-height: 0;
  margin: 4.0rem 0;
}

.c2 .image figcaption {
  font-size: 1.6rem;
  padding: 1.6rem;
  text-align: center;
  line-height: 1.3;
}

.c2 .image-style-side {
  float: right;
  max-width: 50%;
  margin: 2.4rem;
}

.c2 hr {
  border: none;
  border-bottom: 0.1rem solid #DDDDDD;
}

.c2 ul,
.c2 ol {
  margin: 4.0rem 0;
}

.c2 table {
  width: 100%;
  border-collapse: collapse;
}

.c2 table td,
.c2 table th {
  padding: 1.6rem;
  border: 0.1rem solid #DDDDDD;
}

.c2 .table {
  width: 100%;
  overflow: hidden;
  overflow-x: auto;
}

.c1 {
  color: #000;
  font-size: 6.4rem;
  text-transform: none;
}

@media (max-width:768px) {
  .c2 {
    font-size: 2rem;
  }

  .c2 .image-style-side {
    float: none;
    max-width: 100%;
    margin: 0;
  }
}

@media (max-width:768px) {
  .c1 {
    font-size: 4.0rem;
  }
}

<div>
  <footer
    class="c0"
  >
    <h1
      class="c1"
    >
      Ola mundo
    </h1>
    <div
      class="c2"
    >
      <h1>
        Ol√°
      </h1>
    </div>
  </footer>
</div>
`;
