// Vitest Snapshot v1

exports[`<PostGrid /> > should match snapshot 1`] = `
.c6 {
  color: #000;
  line-height: 1.2;
  font-size: 2.4rem;
  text-transform: none;
}

.c3 .c5 {
  margin: 0;
  margin-top: 1.6rem;
  margin-bottom: 1.6rem;
}

.c3 a {
  -webkit-text-decoration: none;
  text-decoration: none;
  color: inherit;
  -webkit-transition: all 300ms ease-in-out;
  transition: all 300ms ease-in-out;
}

.c3 a:hover {
  color: #dc143c;
}

.c3:hover {
  -webkit-transform: scale(1.05);
  -ms-transform: scale(1.05);
  transform: scale(1.05);
  -webkit-transition: all 300ms ease-in-out;
  transition: all 300ms ease-in-out;
}

.c4 {
  max-width: 100%;
  -webkit-transition: opacity 300ms ease-in-out;
  transition: opacity 300ms ease-in-out;
}

.c4:hover {
  opacity: 0.8;
}

.c0 {
  width: 100%;
}

.c1 {
  max-width: 120rem;
  margin: 0 auto;
  display: grid;
  grid-template-columns: repeat(auto-fill,minmax(28rem,1fr));
  gap: 3.2rem;
  padding: 3.2rem;
}

.c1 .c2 {
  box-shadow: 2px 1px 5px #333;
  padding: 1.6rem;
}

@media (max-width:360px) {
  .c1 {
    grid-template-columns: 1fr;
  }
}

<div>
  <div
    class="c0"
  >
    <div
      class="c1"
    >
      <div
        class="c2 c3"
      >
        <a
          href="/post/how-to-upgrade-to-react-18"
        >
          <img
            alt="How to Upgrade to React 18"
            class="c4"
            src="https://res.cloudinary.com/dw08nx3ad/image/upload/v1672665280/reactpainel_pt_b3a6c77ab59eea5986c6d97c3894cef9_762585bf7b.png"
          />
        </a>
        <h3
          class="c5 c6"
        >
          <a
            href="/post/how-to-upgrade-to-react-18"
          >
            How to Upgrade to React 18
          </a>
        </h3>
        <p
          class=""
        >
          As we shared in the release post, React 18 introduces features powered by our new concurrent renderer, with a gradual adoption strategy for existing applications. In this post, we will guide you through the steps for upgrading to React 18.
        </p>
      </div>
      <div
        class="c2 c3"
      >
        <a
          href="/post/python-para-quem-esta-comecando"
        >
          <img
            alt="Python para quem está começando"
            class="c4"
            src="https://res.cloudinary.com/dw08nx3ad/image/upload/v1672665615/python_dd054a80ee.svg"
          />
        </a>
        <h3
          class="c5 c6"
        >
          <a
            href="/post/python-para-quem-esta-comecando"
          >
            Python para quem está começando
          </a>
        </h3>
        <p
          class=""
        >
          Python é uma linguagem de programação de alto nível e de uso geral. Sua filosofia de design enfatiza a legibilidade do código com o uso de recuo significativo. Python é tipado dinamicamente e coletado como lixo.
        </p>
      </div>
      <div
        class="c2 c3"
      >
        <a
          href="/post/25-anos-de-java-script"
        >
          <img
            alt="25 anos de JavaScript"
            class="c4"
            src="https://res.cloudinary.com/dw08nx3ad/image/upload/v1672666419/"
          />
        </a>
        <h3
          class="c5 c6"
        >
          <a
            href="/post/25-anos-de-java-script"
          >
            25 anos de JavaScript
          </a>
        </h3>
        <p
          class=""
        >
          JavaScript é uma linguagem de programação interpretada estruturada, de script em alto nível com tipagem dinâmica fraca e multiparadigma. Juntamente com HTML e CSS, o JavaScript é uma das três principais tecnologias da World Wide Web.
        </p>
      </div>
      <div
        class="c2 c3"
      >
        <a
          href="/post/tutorial-do-react-uma-visao-geral-e-passo-a-passo"
        >
          <img
            alt="Tutorial do React: uma visão geral e passo a passo"
            class="c4"
            src="https://res.cloudinary.com/dw08nx3ad/image/upload/v1672666787/react_6b62155729.png"
          />
        </a>
        <h3
          class="c5 c6"
        >
          <a
            href="/post/tutorial-do-react-uma-visao-geral-e-passo-a-passo"
          >
            Tutorial do React: uma visão geral e passo a passo
          </a>
        </h3>
        <p
          class=""
        >
          Tenho ouvido falar sobre React desde que comecei a aprender JavaScript, mas admito que dei uma olhada e me assustei. Qual é o problema com o React?
        </p>
      </div>
      <div
        class="c2 c3"
      >
        <a
          href="/post/vis-nobis-veritus-maluisset-id-nonumy-adversarium"
        >
          <img
            alt="Vis nobis veritus maluisset id, nonumy adversarium"
            class="c4"
            src="https://res.cloudinary.com/dlizakp2a/image/upload/v1614698965/Ubuntu_gel_by_Midge_Mantissa_Sinnaeve_7caea7ddb4.jpg"
          />
        </a>
        <h3
          class="c5 c6"
        >
          <a
            href="/post/vis-nobis-veritus-maluisset-id-nonumy-adversarium"
          >
            Vis nobis veritus maluisset id, nonumy adversarium
          </a>
        </h3>
        <p
          class=""
        >
          Fugit aliquip erroribus eu eam, an mel vidit doctus. Vis nobis veritus maluisset id, nonumy adversarium neglegentur est ut. Tation persius pri eu, modo minim fastidii mei no. Ad tota pertinax definiebas eam.
        </p>
      </div>
      <div
        class="c2 c3"
      >
        <a
          href="/post/sea-array-destructuring-dicat-fabulas-consetetur"
        >
          <img
            alt="Sea Array Destructuring dicat fabulas consetetur "
            class="c4"
            src="https://res.cloudinary.com/dlizakp2a/image/upload/v1614699042/Origin_of_nature_by_Julian_Tomasini_dcfdd17cbe.jpg"
          />
        </a>
        <h3
          class="c5 c6"
        >
          <a
            href="/post/sea-array-destructuring-dicat-fabulas-consetetur"
          >
            Sea Array Destructuring dicat fabulas consetetur 
          </a>
        </h3>
        <p
          class=""
        >
          Quod oblique mei ne, cetero delicatissimi sea cu, cu est harum dicit verterem. Tota forensibus ut usu, luptatum dignissim persecuti vel ex. Mea nostrud instructior cu, et referrentur theophrastus eum. Pro in iuvaret senserit.
        </p>
      </div>
      <div
        class="c2 c3"
      >
        <a
          href="/post/quod-oblique-mei-ne-cetero-delicatissimi-sea"
        >
          <img
            alt="Quod oblique mei ne, cetero delicatissimi sea"
            class="c4"
            src="https://res.cloudinary.com/dlizakp2a/image/upload/v1614699042/Origin_of_nature_by_Julian_Tomasini_dcfdd17cbe.jpg"
          />
        </a>
        <h3
          class="c5 c6"
        >
          <a
            href="/post/quod-oblique-mei-ne-cetero-delicatissimi-sea"
          >
            Quod oblique mei ne, cetero delicatissimi sea
          </a>
        </h3>
        <p
          class=""
        >
          Et sed legere rationibus, vitae evertitur ad eam. Eu amet vero officiis vis. Ad nullam pericula neglegentur sit, vix ei regione legendos argumentum. Mei an quas convenire, nobis dicunt mei ut. 
        </p>
      </div>
    </div>
  </div>
</div>
`;
